snapshot_0.jpg
snapshot_1.jpg
snapshot_2.jpg
snapshot_3.jpg
snapshot_4.jpg
snapshot_5.jpg
snapshot_6.jpg
snapshot_7.jpg
snapshot_8.jpg
snapshot_9.jpg
snapshot_10.jpg
snapshot_11.jpg
snapshot_12.jpg
snapshot_13.jpg
snapshot_14.jpg
snapshot_15.jpg
snapshot_16.jpg
snapshot_17.jpg
snapshot_18.jpg
snapshot_19.jpg
snapshot_20.jpg
snapshot_21.jpg
snapshot_22.jpg
snapshot_23.jpg
snapshot_24.jpg
snapshot_25.jpg
snapshot_26.jpg
snapshot_27.jpg
snapshot_28.jpg
snapshot_29.jpg
snapshot_30.jpg
snapshot_31.jpg
snapshot_32.jpg
snapshot_33.jpg
snapshot_34.jpg
snapshot_35.jpg
snapshot_36.jpg
snapshot_37.jpg
snapshot_38.jpg
snapshot_39.jpg
snapshot_40.jpg
snapshot_41.jpg
snapshot_42.jpg
snapshot_43.jpg
snapshot_44.jpg
snapshot_45.jpg
snapshot_46.jpg
snapshot_47.jpg
snapshot_48.jpg
snapshot_49.jpg
snapshot_50.jpg
snapshot_51.jpg
snapshot_52.jpg
snapshot_53.jpg
snapshot_54.jpg
snapshot_55.jpg
snapshot_56.jpg
snapshot_57.jpg
snapshot_58.jpg
snapshot_59.jpg
snapshot_60.jpg
snapshot_61.jpg
snapshot_62.jpg
snapshot_63.jpg
snapshot_64.jpg
snapshot_65.jpg
snapshot_66.jpg
snapshot_67.jpg
snapshot_68.jpg
snapshot_69.jpg
snapshot_70.jpg
snapshot_71.jpg
snapshot_72.jpg
snapshot_73.jpg
snapshot_74.jpg
snapshot_75.jpg
snapshot_76.jpg
snapshot_77.jpg
snapshot_78.jpg
snapshot_79.jpg
snapshot_80.jpg
snapshot_81.jpg
snapshot_82.jpg
snapshot_83.jpg
snapshot_84.jpg
snapshot_85.jpg
snapshot_86.jpg
snapshot_87.jpg
snapshot_88.jpg
snapshot_89.jpg
snapshot_90.jpg
snapshot_91.jpg
snapshot_92.jpg
snapshot_93.jpg
snapshot_94.jpg
snapshot_95.jpg
snapshot_96.jpg
snapshot_97.jpg
snapshot_98.jpg
snapshot_99.jpg
snapshot_100.jpg
snapshot_101.jpg
