snapshot_0.jpg
snapshot_1.jpg
snapshot_2.jpg
snapshot_3.jpg
snapshot_4.jpg
snapshot_5.jpg
snapshot_6.jpg
snapshot_7.jpg
snapshot_8.jpg
snapshot_9.jpg
snapshot_10.jpg
snapshot_11.jpg
snapshot_12.jpg
snapshot_13.jpg
snapshot_14.jpg
snapshot_15.jpg
snapshot_16.jpg
snapshot_17.jpg
snapshot_18.jpg
snapshot_19.jpg
snapshot_20.jpg
snapshot_21.jpg
snapshot_22.jpg
snapshot_23.jpg
snapshot_24.jpg
snapshot_25.jpg
snapshot_26.jpg
snapshot_27.jpg
snapshot_28.jpg
snapshot_29.jpg
snapshot_30.jpg
snapshot_31.jpg
snapshot_32.jpg
snapshot_33.jpg
snapshot_34.jpg
snapshot_35.jpg
snapshot_36.jpg
snapshot_37.jpg
snapshot_38.jpg
snapshot_39.jpg
snapshot_40.jpg
snapshot_41.jpg
snapshot_42.jpg
snapshot_43.jpg
snapshot_44.jpg
snapshot_45.jpg
snapshot_46.jpg
snapshot_47.jpg
snapshot_48.jpg
snapshot_49.jpg
snapshot_50.jpg
snapshot_51.jpg
snapshot_52.jpg
snapshot_53.jpg
snapshot_54.jpg
snapshot_55.jpg
snapshot_56.jpg
snapshot_57.jpg
snapshot_58.jpg
snapshot_59.jpg
snapshot_60.jpg
snapshot_61.jpg
snapshot_62.jpg
snapshot_63.jpg
snapshot_64.jpg
snapshot_65.jpg
snapshot_66.jpg
snapshot_67.jpg
snapshot_68.jpg
snapshot_69.jpg
snapshot_70.jpg
snapshot_71.jpg
snapshot_72.jpg
snapshot_73.jpg
snapshot_74.jpg
snapshot_75.jpg
snapshot_76.jpg
snapshot_77.jpg
snapshot_78.jpg
snapshot_79.jpg
snapshot_80.jpg
snapshot_81.jpg
snapshot_82.jpg
snapshot_83.jpg
snapshot_84.jpg
snapshot_85.jpg
snapshot_86.jpg
snapshot_87.jpg
snapshot_88.jpg
snapshot_89.jpg
snapshot_90.jpg
snapshot_91.jpg
snapshot_92.jpg
snapshot_93.jpg
snapshot_94.jpg
snapshot_95.jpg
snapshot_96.jpg
snapshot_97.jpg
snapshot_98.jpg
snapshot_99.jpg
snapshot_100.jpg
snapshot_101.jpg
snapshot_102.jpg
snapshot_103.jpg
snapshot_104.jpg
snapshot_105.jpg
snapshot_106.jpg
snapshot_107.jpg
snapshot_108.jpg
snapshot_109.jpg
snapshot_110.jpg
snapshot_111.jpg
snapshot_112.jpg
snapshot_113.jpg
snapshot_114.jpg
snapshot_115.jpg
snapshot_116.jpg
snapshot_117.jpg
snapshot_118.jpg
snapshot_119.jpg
snapshot_120.jpg
snapshot_121.jpg
snapshot_122.jpg
snapshot_123.jpg
snapshot_124.jpg
snapshot_125.jpg
snapshot_126.jpg
snapshot_127.jpg
snapshot_128.jpg
snapshot_129.jpg
snapshot_130.jpg
snapshot_131.jpg
snapshot_132.jpg
snapshot_133.jpg
snapshot_134.jpg
snapshot_135.jpg
snapshot_136.jpg
snapshot_137.jpg
snapshot_138.jpg
snapshot_139.jpg
snapshot_140.jpg
snapshot_141.jpg
snapshot_142.jpg
snapshot_143.jpg
snapshot_144.jpg
snapshot_145.jpg
snapshot_146.jpg
snapshot_147.jpg
snapshot_148.jpg
snapshot_149.jpg
snapshot_150.jpg
snapshot_151.jpg
snapshot_152.jpg
snapshot_153.jpg
snapshot_154.jpg
snapshot_155.jpg
snapshot_156.jpg
snapshot_157.jpg
snapshot_158.jpg
snapshot_159.jpg
snapshot_160.jpg
snapshot_161.jpg
snapshot_162.jpg
snapshot_163.jpg
snapshot_164.jpg
snapshot_165.jpg
snapshot_166.jpg
snapshot_167.jpg
snapshot_168.jpg
snapshot_169.jpg
snapshot_170.jpg
snapshot_171.jpg
snapshot_172.jpg
snapshot_173.jpg
snapshot_174.jpg
snapshot_175.jpg
snapshot_176.jpg
snapshot_177.jpg
snapshot_178.jpg
snapshot_179.jpg
snapshot_180.jpg
snapshot_181.jpg
snapshot_182.jpg
snapshot_183.jpg
snapshot_184.jpg
snapshot_185.jpg
snapshot_186.jpg
snapshot_187.jpg
snapshot_188.jpg
snapshot_189.jpg
snapshot_190.jpg
snapshot_191.jpg
snapshot_192.jpg
snapshot_193.jpg
snapshot_194.jpg
snapshot_195.jpg
snapshot_196.jpg
snapshot_197.jpg
snapshot_198.jpg
snapshot_199.jpg
snapshot_200.jpg
snapshot_201.jpg
snapshot_202.jpg
snapshot_203.jpg
snapshot_204.jpg
snapshot_205.jpg
snapshot_206.jpg
snapshot_207.jpg
snapshot_208.jpg
snapshot_209.jpg
snapshot_210.jpg
snapshot_211.jpg
snapshot_212.jpg
snapshot_213.jpg
snapshot_214.jpg
snapshot_215.jpg
snapshot_216.jpg
snapshot_217.jpg
snapshot_218.jpg
snapshot_219.jpg
snapshot_220.jpg
snapshot_221.jpg
snapshot_222.jpg
snapshot_223.jpg
snapshot_224.jpg
snapshot_225.jpg
snapshot_226.jpg
snapshot_227.jpg
snapshot_228.jpg
snapshot_229.jpg
snapshot_230.jpg
snapshot_231.jpg
snapshot_232.jpg
snapshot_233.jpg
snapshot_234.jpg
snapshot_235.jpg
snapshot_236.jpg
snapshot_237.jpg
snapshot_238.jpg
snapshot_239.jpg
snapshot_240.jpg
snapshot_241.jpg
snapshot_242.jpg
snapshot_243.jpg
snapshot_244.jpg
snapshot_245.jpg
snapshot_246.jpg
snapshot_247.jpg
snapshot_248.jpg
snapshot_249.jpg
snapshot_250.jpg
snapshot_251.jpg
snapshot_252.jpg
snapshot_253.jpg
snapshot_254.jpg
snapshot_255.jpg
snapshot_256.jpg
snapshot_257.jpg
snapshot_258.jpg
snapshot_259.jpg
snapshot_260.jpg
snapshot_261.jpg
snapshot_262.jpg
snapshot_263.jpg
snapshot_264.jpg
snapshot_265.jpg
snapshot_266.jpg
snapshot_267.jpg
snapshot_268.jpg
snapshot_269.jpg
snapshot_270.jpg
snapshot_271.jpg
snapshot_272.jpg
snapshot_273.jpg
snapshot_274.jpg
snapshot_275.jpg
snapshot_276.jpg
snapshot_277.jpg
snapshot_278.jpg
snapshot_279.jpg
snapshot_280.jpg
snapshot_281.jpg
snapshot_282.jpg
snapshot_283.jpg
snapshot_284.jpg
snapshot_285.jpg
snapshot_286.jpg
snapshot_287.jpg
snapshot_288.jpg
snapshot_289.jpg
snapshot_290.jpg
snapshot_291.jpg
snapshot_292.jpg
snapshot_293.jpg
snapshot_294.jpg
snapshot_295.jpg
snapshot_296.jpg
snapshot_297.jpg
snapshot_298.jpg
snapshot_299.jpg
snapshot_300.jpg
snapshot_301.jpg
snapshot_302.jpg
snapshot_303.jpg
snapshot_304.jpg
snapshot_305.jpg
snapshot_306.jpg
snapshot_307.jpg
snapshot_308.jpg
snapshot_309.jpg
snapshot_310.jpg
snapshot_311.jpg
snapshot_312.jpg
snapshot_313.jpg
snapshot_314.jpg
snapshot_315.jpg
snapshot_316.jpg
snapshot_317.jpg
snapshot_318.jpg
snapshot_319.jpg
snapshot_320.jpg
snapshot_321.jpg
snapshot_322.jpg
snapshot_323.jpg
snapshot_324.jpg
snapshot_325.jpg
snapshot_326.jpg
snapshot_327.jpg
snapshot_328.jpg
snapshot_329.jpg
snapshot_330.jpg
snapshot_331.jpg
snapshot_332.jpg
snapshot_333.jpg
snapshot_334.jpg
snapshot_335.jpg
snapshot_336.jpg
snapshot_337.jpg
snapshot_338.jpg
snapshot_339.jpg
snapshot_340.jpg
snapshot_341.jpg
snapshot_342.jpg
snapshot_343.jpg
snapshot_344.jpg
snapshot_345.jpg
snapshot_346.jpg
snapshot_347.jpg
snapshot_348.jpg
snapshot_349.jpg
snapshot_350.jpg
snapshot_351.jpg
snapshot_352.jpg
snapshot_353.jpg
snapshot_354.jpg
snapshot_355.jpg
snapshot_356.jpg
snapshot_357.jpg
snapshot_358.jpg
snapshot_359.jpg
snapshot_360.jpg
snapshot_361.jpg
snapshot_362.jpg
snapshot_363.jpg
snapshot_364.jpg
snapshot_365.jpg
snapshot_366.jpg
snapshot_367.jpg
snapshot_368.jpg
snapshot_369.jpg
snapshot_370.jpg
snapshot_371.jpg
snapshot_372.jpg
snapshot_373.jpg
snapshot_374.jpg
snapshot_375.jpg
snapshot_376.jpg
snapshot_377.jpg
snapshot_378.jpg
snapshot_379.jpg
snapshot_380.jpg
snapshot_381.jpg
snapshot_382.jpg
snapshot_383.jpg
snapshot_384.jpg
snapshot_385.jpg
snapshot_386.jpg
snapshot_387.jpg
snapshot_388.jpg
snapshot_389.jpg
snapshot_390.jpg
snapshot_391.jpg
snapshot_392.jpg
snapshot_393.jpg
snapshot_394.jpg
snapshot_395.jpg
snapshot_396.jpg
snapshot_397.jpg
snapshot_398.jpg
snapshot_399.jpg
snapshot_400.jpg
snapshot_401.jpg
snapshot_402.jpg
snapshot_403.jpg
snapshot_404.jpg
snapshot_405.jpg
snapshot_406.jpg
snapshot_407.jpg
snapshot_408.jpg
snapshot_409.jpg
snapshot_410.jpg
snapshot_411.jpg
snapshot_412.jpg
snapshot_413.jpg
snapshot_414.jpg
snapshot_415.jpg
snapshot_416.jpg
snapshot_417.jpg
snapshot_418.jpg
snapshot_419.jpg
snapshot_420.jpg
snapshot_421.jpg
snapshot_422.jpg
snapshot_423.jpg
snapshot_424.jpg
snapshot_425.jpg
snapshot_426.jpg
snapshot_427.jpg
snapshot_428.jpg
snapshot_429.jpg
snapshot_430.jpg
snapshot_431.jpg
snapshot_432.jpg
snapshot_433.jpg
snapshot_434.jpg
snapshot_435.jpg
snapshot_436.jpg
snapshot_437.jpg
snapshot_438.jpg
snapshot_439.jpg
snapshot_440.jpg
snapshot_441.jpg
snapshot_442.jpg
snapshot_443.jpg
snapshot_444.jpg
snapshot_445.jpg
snapshot_446.jpg
snapshot_447.jpg
snapshot_448.jpg
snapshot_449.jpg
snapshot_450.jpg
snapshot_451.jpg
snapshot_452.jpg
snapshot_453.jpg
snapshot_454.jpg
snapshot_455.jpg
snapshot_456.jpg
snapshot_457.jpg
snapshot_458.jpg
snapshot_459.jpg
snapshot_460.jpg
snapshot_461.jpg
snapshot_462.jpg
snapshot_463.jpg
snapshot_464.jpg
snapshot_465.jpg
snapshot_466.jpg
snapshot_467.jpg
snapshot_468.jpg
snapshot_469.jpg
snapshot_470.jpg
snapshot_471.jpg
snapshot_472.jpg
snapshot_473.jpg
snapshot_474.jpg
snapshot_475.jpg
snapshot_476.jpg
snapshot_477.jpg
snapshot_478.jpg
snapshot_479.jpg
snapshot_480.jpg
snapshot_481.jpg
snapshot_482.jpg
snapshot_483.jpg
snapshot_484.jpg
snapshot_485.jpg
snapshot_486.jpg
snapshot_487.jpg
snapshot_488.jpg
snapshot_489.jpg
snapshot_490.jpg
snapshot_491.jpg
snapshot_492.jpg
snapshot_493.jpg
snapshot_494.jpg
snapshot_495.jpg
snapshot_496.jpg
snapshot_497.jpg
snapshot_498.jpg
snapshot_499.jpg
snapshot_500.jpg
snapshot_501.jpg
snapshot_502.jpg
snapshot_503.jpg
snapshot_504.jpg
snapshot_505.jpg
snapshot_506.jpg
snapshot_507.jpg
snapshot_508.jpg
snapshot_509.jpg
snapshot_510.jpg
snapshot_511.jpg
snapshot_512.jpg
snapshot_513.jpg
snapshot_514.jpg
snapshot_515.jpg
snapshot_516.jpg
snapshot_517.jpg
snapshot_518.jpg
snapshot_519.jpg
snapshot_520.jpg
snapshot_521.jpg
snapshot_522.jpg
snapshot_523.jpg
snapshot_524.jpg
snapshot_525.jpg
snapshot_526.jpg
snapshot_527.jpg
snapshot_528.jpg
snapshot_529.jpg
snapshot_530.jpg
snapshot_531.jpg
snapshot_532.jpg
snapshot_533.jpg
snapshot_534.jpg
snapshot_535.jpg
snapshot_536.jpg
snapshot_537.jpg
snapshot_538.jpg
snapshot_539.jpg
snapshot_540.jpg
snapshot_541.jpg
snapshot_542.jpg
snapshot_543.jpg
snapshot_544.jpg
snapshot_545.jpg
snapshot_546.jpg
snapshot_547.jpg
snapshot_548.jpg
snapshot_549.jpg
snapshot_550.jpg
snapshot_551.jpg
snapshot_552.jpg
snapshot_553.jpg
snapshot_554.jpg
snapshot_555.jpg
snapshot_556.jpg
snapshot_557.jpg
snapshot_558.jpg
snapshot_559.jpg
snapshot_560.jpg
snapshot_561.jpg
snapshot_562.jpg
snapshot_563.jpg
snapshot_564.jpg
snapshot_565.jpg
snapshot_566.jpg
snapshot_567.jpg
snapshot_568.jpg
